Copyright 1986-2020 Xilinx, Inc. All Rights Reserved.
----------------------------------------------------------------------------------------
| Tool Version     : Vivado v.2020.1 (lin64) Build 2902540 Wed May 27 19:54:35 MDT 2020
| Date             : Mon Sep 14 15:38:14 2026
| Host             : facu-edge running 64-bit Ubuntu 24.04.4 LTS
| Command          : report_power -file out/post_synth_power.rpt
| Design           : red_pitaya_top
| Device           : xc7z010clg400-1
| Design State     : synthesized
| Grade            : commercial
| Process          : typical
| Characterization : Production
----------------------------------------------------------------------------------------

Power Report

Table of Contents
-----------------
1. Summary
1.1 On-Chip Components
1.2 Power Supply Summary
1.3 Confidence Level
2. Settings
2.1 Environment
2.2 Clock Constraints
3. Detailed Reports
3.1 By Hierarchy

1. Summary
----------

+--------------------------+--------------+
| Total On-Chip Power (W)  | 2.156        |
| Design Power Budget (W)  | Unspecified* |
| Power Budget Margin (W)  | NA           |
| Dynamic (W)              | 2.018        |
| Device Static (W)        | 0.138        |
| Effective TJA (C/W)      | 11.5         |
| Max Ambient (C)          | 60.1         |
| Junction Temperature (C) | 49.9         |
| Confidence Level         | Low          |
| Setting File             | ---          |
| Simulation Activity File | ---          |
| Design Nets Matched      | NA           |
+--------------------------+--------------+
* Specify Design Power Budget using, set_operating_conditions -design_power_budget <value in Watts>


1.1 On-Chip Components
----------------------

+--------------------------+-----------+----------+-----------+-----------------+
| On-Chip                  | Power (W) | Used     | Available | Utilization (%) |
+--------------------------+-----------+----------+-----------+-----------------+
| Clocks                   |     0.081 |       19 |       --- |             --- |
| Slice Logic              |     0.047 |    27846 |       --- |             --- |
|   LUT as Logic           |     0.039 |    10094 |     17600 |           57.35 |
|   CARRY4                 |     0.005 |      945 |      4400 |           21.48 |
|   Register               |     0.003 |    13091 |     35200 |           37.19 |
|   LUT as Distributed RAM |    <0.001 |       72 |      6000 |            1.20 |
|   F7/F8 Muxes            |    <0.001 |      106 |     17600 |            0.60 |
|   LUT as Shift Register  |    <0.001 |      152 |      6000 |            2.53 |
|   Others                 |     0.000 |     1330 |       --- |             --- |
| Signals                  |     0.059 |    24943 |       --- |             --- |
| Block RAM                |     0.035 |       19 |        60 |           31.67 |
| MMCM                     |     0.108 |        1 |         2 |           50.00 |
| PLL                      |     0.096 |        1 |         2 |           50.00 |
| DSPs                     |     0.044 |       38 |        80 |           47.50 |
| I/O                      |     0.236 |       87 |       100 |           87.00 |
| XADC                     |     0.002 |        1 |       --- |             --- |
| PS7                      |     1.309 |        1 |       --- |             --- |
| Static Power             |     0.138 |          |           |                 |
| Total                    |     2.155 |          |           |                 |
+--------------------------+-----------+----------+-----------+-----------------+


1.2 Power Supply Summary
------------------------

+-----------+-------------+-----------+-------------+------------+-------------+-------------+------------+
| Source    | Voltage (V) | Total (A) | Dynamic (A) | Static (A) | Powerup (A) | Budget (A)  | Margin (A) |
+-----------+-------------+-----------+-------------+------------+-------------+-------------+------------+
| Vccint    |       1.000 |     0.282 |       0.273 |      0.009 |       NA    | Unspecified | NA         |
| Vccaux    |       1.800 |     0.126 |       0.117 |      0.009 |       NA    | Unspecified | NA         |
| Vcco33    |       3.300 |     0.061 |       0.060 |      0.001 |       NA    | Unspecified | NA         |
| Vcco25    |       2.500 |     0.000 |       0.000 |      0.000 |       NA    | Unspecified | NA         |
| Vcco18    |       1.800 |     0.013 |       0.012 |      0.001 |       NA    | Unspecified | NA         |
| Vcco15    |       1.500 |     0.000 |       0.000 |      0.000 |       NA    | Unspecified | NA         |
| Vcco135   |       1.350 |     0.000 |       0.000 |      0.000 |       NA    | Unspecified | NA         |
| Vcco12    |       1.200 |     0.000 |       0.000 |      0.000 |       NA    | Unspecified | NA         |
| Vccaux_io |       1.800 |     0.000 |       0.000 |      0.000 |       NA    | Unspecified | NA         |
| Vccbram   |       1.000 |     0.005 |       0.003 |      0.002 |       NA    | Unspecified | NA         |
| MGTAVcc   |       1.000 |     0.000 |       0.000 |      0.000 |       NA    | Unspecified | NA         |
| MGTAVtt   |       1.200 |     0.000 |       0.000 |      0.000 |       NA    | Unspecified | NA         |
| MGTVccaux |       1.800 |     0.000 |       0.000 |      0.000 |       NA    | Unspecified | NA         |
| Vccpint   |       1.000 |     0.729 |       0.693 |      0.036 |       NA    | Unspecified | NA         |
| Vccpaux   |       1.800 |     0.038 |       0.027 |      0.010 |       NA    | Unspecified | NA         |
| Vccpll    |       1.800 |     0.017 |       0.014 |      0.003 |       NA    | Unspecified | NA         |
| Vcco_ddr  |       1.500 |     0.356 |       0.354 |      0.002 |       NA    | Unspecified | NA         |
| Vcco_mio0 |       3.300 |     0.003 |       0.002 |      0.001 |       NA    | Unspecified | NA         |
| Vcco_mio1 |       2.500 |     0.003 |       0.002 |      0.001 |       NA    | Unspecified | NA         |
| Vccadc    |       1.800 |     0.021 |       0.001 |      0.020 |       NA    | Unspecified | NA         |
+-----------+-------------+-----------+-------------+------------+-------------+-------------+------------+


1.3 Confidence Level
--------------------

+-----------------------------+------------+--------------------------------------------------------+------------------------------------------------------------------------------------------------------------+
| User Input Data             | Confidence | Details                                                | Action                                                                                                     |
+-----------------------------+------------+--------------------------------------------------------+------------------------------------------------------------------------------------------------------------+
| Design implementation state | Low        | Design is synthesized                                  | Accuracy of the tool is not optimal until design is fully placed and routed                                |
| Clock nodes activity        | High       | User specified more than 95% of clocks                 |                                                                                                            |
| I/O nodes activity          | Low        | More than 75% of inputs are missing user specification | Provide missing input activity with simulation results or by editing the "By Resource Type -> I/Os" view   |
| Internal nodes activity     | Medium     | User specified less than 25% of internal nodes         | Provide missing internal nodes activity with simulation results or by editing the "By Resource Type" views |
| Device models               | High       | Device models are Production                           |                                                                                                            |
|                             |            |                                                        |                                                                                                            |
| Overall confidence level    | Low        |                                                        |                                                                                                            |
+-----------------------------+------------+--------------------------------------------------------+------------------------------------------------------------------------------------------------------------+


2. Settings
-----------

2.1 Environment
---------------

+-----------------------+------------------------+
| Ambient Temp (C)      | 25.0                   |
| ThetaJA (C/W)         | 11.5                   |
| Airflow (LFM)         | 250                    |
| Heat Sink             | none                   |
| ThetaSA (C/W)         | 0.0                    |
| Board Selection       | medium (10"x10")       |
| # of Board Layers     | 8to11 (8 to 11 Layers) |
| Board Temperature (C) | 25.0                   |
+-----------------------+------------------------+


2.2 Clock Constraints
---------------------

+---------------------------+-------------------------------------------------------------------+-----------------+
| Clock                     | Domain                                                            | Constraint (ns) |
+---------------------------+-------------------------------------------------------------------+-----------------+
| adc_clk                   | adc_clk_i[1]                                                      |             8.0 |
| adc_clk                   | adc_clk_in                                                        |             8.0 |
| clk_125_system_clk_gen_0  | system_wrapper_i/clk_gen/inst/clk_125_system_clk_gen_0            |             8.0 |
| clk_200_system_clk_gen_0  | system_wrapper_i/clk_gen/inst/clk_200_system_clk_gen_0            |             4.0 |
| clk_333_system_clk_gen_0  | system_wrapper_i/clk_gen/inst/clk_333_system_clk_gen_0            |             3.0 |
| clk_62_5_system_clk_gen_0 | system_wrapper_i/clk_gen/inst/clk_62_5_system_clk_gen_0           |            16.0 |
| clk_fb                    | pll/clk_fb                                                        |             8.0 |
| clk_fpga_0                | system_wrapper_i/processing_system7_0/inst/FCLK_CLK_unbuffered[0] |             8.0 |
| clk_fpga_1                | system_wrapper_i/processing_system7_0/inst/FCLK_CLK_unbuffered[1] |             4.0 |
| clk_fpga_2                | system_wrapper_i/processing_system7_0/inst/FCLK_CLK_unbuffered[2] |            20.0 |
| clk_fpga_3                | system_wrapper_i/processing_system7_0/inst/FCLK_CLK_unbuffered[3] |             5.0 |
| clkfbout_system_clk_gen_0 | system_wrapper_i/clk_gen/inst/clkfbout_system_clk_gen_0           |             8.0 |
| daisy_clk                 | daisy_p_i[1]                                                      |             8.0 |
| pll_dac_clk_1x            | pll/clk_dac_1x                                                    |             8.0 |
| pll_dac_clk_2p            | pll/clk_dac_2p                                                    |             4.0 |
| pll_dac_clk_2x            | pll/clk_dac_2x                                                    |             4.0 |
+---------------------------+-------------------------------------------------------------------+-----------------+


3. Detailed Reports
-------------------

3.1 By Hierarchy
----------------

+--------------------------+-----------+
| Name                     | Power (W) |
+--------------------------+-----------+
| red_pitaya_top           |     2.017 |
|   i_OBUF_clk             |     0.014 |
|   i_OBUF_trig            |     0.004 |
|   pll                    |     0.097 |
|   system_wrapper_i       |     1.678 |
|     axi_interconnect_0   |     0.004 |
|       m00_couplers       |     0.003 |
|       xbar               |     0.001 |
|     axi_interconnect_2   |     0.008 |
|       m00_couplers       |     0.003 |
|       s01_couplers       |     0.002 |
|       xbar               |     0.003 |
|     axi_reg              |     0.007 |
|       m01_couplers       |     0.003 |
|       xbar               |     0.004 |
|     clk_gen              |     0.110 |
|       inst               |     0.110 |
|     processing_system7_0 |     1.310 |
|       inst               |     1.310 |
|     rp_dac               |     0.082 |
|       inst               |     0.082 |
|     rp_gpio              |     0.018 |
|       inst               |     0.018 |
|     rp_oscilloscope      |     0.133 |
|       inst               |     0.133 |
|     rst_gen2             |     0.001 |
|       U0                 |     0.001 |
|     xadc                 |     0.003 |
|       inst               |     0.003 |
+--------------------------+-----------+


