Copyright 1986-2020 Xilinx, Inc. All Rights Reserved.
------------------------------------------------------------------------------------
| Tool Version : Vivado v.2020.1 (lin64) Build 2902540 Wed May 27 19:54:35 MDT 2020
| Date         : Tue Sep 22 11:38:03 2026
| Host         : facu-edge running 64-bit Ubuntu 24.04.4 LTS
| Command      : report_drc -file out/post_imp_drc.rpt
| Design       : red_pitaya_top
| Device       : xc7z010clg400-1
| Speed File   : -1
| Design State : Fully Routed
------------------------------------------------------------------------------------

Report DRC

Table of Contents
-----------------
1. REPORT SUMMARY
2. REPORT DETAILS

1. REPORT SUMMARY
-----------------
            Netlist: red_pitaya_top
          Floorplan: design_1
      Design limits: <entire design considered>
           Ruledeck: default
             Max violations: <unlimited>
             Violations found: 132
+-----------+----------+-------------------------------------------------+------------+
| Rule      | Severity | Description                                     | Violations |
+-----------+----------+-------------------------------------------------+------------+
| DPIP-1    | Warning  | Input pipelining                                | 60         |
| DPOP-1    | Warning  | PREG Output pipelining                          | 21         |
| DPOP-2    | Warning  | MREG Output pipelining                          | 25         |
| PLIO-3    | Warning  | Placement Constraints Check for IO constraints  | 2          |
| PLIO-8    | Warning  | Placement Constraints Check for IO constraints  | 4          |
| REQP-1839 | Warning  | RAMB36 async control check                      | 3          |
| RPBF-3    | Warning  | IO port buffering is incomplete                 | 8          |
| RTSTAT-10 | Warning  | No routable loads                               | 1          |
| REQP-24   | Advisory | enum_BREG_0_connects_CEB1_GND_connects_CEB2_GND | 4          |
| REQP-181  | Advisory | writefirst                                      | 4          |
+-----------+----------+-------------------------------------------------+------------+

2. REPORT DETAILS
-----------------
DPIP-1#1 Warning
Input pipelining  
DSP system_wrapper_i/rp_dac/inst/U_dac1/U_dma_mm2s/U_dma_mm2s_downsize/dac_rp_next_next_reg input system_wrapper_i/rp_dac/inst/U_dac1/U_dma_mm2s/U_dma_mm2s_downsize/dac_rp_next_next_reg/A[29:0] is not pipelined. Pipelining DSP48 input will improve performance.
Related violations: <none>

DPIP-1#2 Warning
Input pipelining  
DSP system_wrapper_i/rp_dac/inst/U_dac1/U_dma_mm2s/U_dma_mm2s_downsize/dac_rp_next_next_reg input system_wrapper_i/rp_dac/inst/U_dac1/U_dma_mm2s/U_dma_mm2s_downsize/dac_rp_next_next_reg/B[17:0] is not pipelined. Pipelining DSP48 input will improve performance.
Related violations: <none>

DPIP-1#3 Warning
Input pipelining  
DSP system_wrapper_i/rp_dac/inst/U_dac1/U_dma_mm2s/U_dma_mm2s_downsize/dac_rp_next_reg input system_wrapper_i/rp_dac/inst/U_dac1/U_dma_mm2s/U_dma_mm2s_downsize/dac_rp_next_reg/A[29:0] is not pipelined. Pipelining DSP48 input will improve performance.
Related violations: <none>

DPIP-1#4 Warning
Input pipelining  
DSP system_wrapper_i/rp_dac/inst/U_dac1/U_dma_mm2s/U_dma_mm2s_downsize/dac_rp_next_reg input system_wrapper_i/rp_dac/inst/U_dac1/U_dma_mm2s/U_dma_mm2s_downsize/dac_rp_next_reg/B[17:0] is not pipelined. Pipelining DSP48 input will improve performance.
Related violations: <none>

DPIP-1#5 Warning
Input pipelining  
DSP system_wrapper_i/rp_dac/inst/U_dac1/U_osc_calib/dac_mult_reg input system_wrapper_i/rp_dac/inst/U_dac1/U_osc_calib/dac_mult_reg/A[29:0] is not pipelined. Pipelining DSP48 input will improve performance.
Related violations: <none>

DPIP-1#6 Warning
Input pipelining  
DSP system_wrapper_i/rp_dac/inst/U_dac1/U_osc_calib/dac_mult_reg input system_wrapper_i/rp_dac/inst/U_dac1/U_osc_calib/dac_mult_reg/B[17:0] is not pipelined. Pipelining DSP48 input will improve performance.
Related violations: <none>

DPIP-1#7 Warning
Input pipelining  
DSP system_wrapper_i/rp_dac/inst/U_dac2/U_dma_mm2s/U_dma_mm2s_downsize/dac_rp_next_next_reg input system_wrapper_i/rp_dac/inst/U_dac2/U_dma_mm2s/U_dma_mm2s_downsize/dac_rp_next_next_reg/A[29:0] is not pipelined. Pipelining DSP48 input will improve performance.
Related violations: <none>

DPIP-1#8 Warning
Input pipelining  
DSP system_wrapper_i/rp_dac/inst/U_dac2/U_dma_mm2s/U_dma_mm2s_downsize/dac_rp_next_next_reg input system_wrapper_i/rp_dac/inst/U_dac2/U_dma_mm2s/U_dma_mm2s_downsize/dac_rp_next_next_reg/B[17:0] is not pipelined. Pipelining DSP48 input will improve performance.
Related violations: <none>

DPIP-1#9 Warning
Input pipelining  
DSP system_wrapper_i/rp_dac/inst/U_dac2/U_dma_mm2s/U_dma_mm2s_downsize/dac_rp_next_reg input system_wrapper_i/rp_dac/inst/U_dac2/U_dma_mm2s/U_dma_mm2s_downsize/dac_rp_next_reg/A[29:0] is not pipelined. Pipelining DSP48 input will improve performance.
Related violations: <none>

DPIP-1#10 Warning
Input pipelining  
DSP system_wrapper_i/rp_dac/inst/U_dac2/U_dma_mm2s/U_dma_mm2s_downsize/dac_rp_next_reg input system_wrapper_i/rp_dac/inst/U_dac2/U_dma_mm2s/U_dma_mm2s_downsize/dac_rp_next_reg/B[17:0] is not pipelined. Pipelining DSP48 input will improve performance.
Related violations: <none>

DPIP-1#11 Warning
Input pipelining  
DSP system_wrapper_i/rp_dac/inst/U_dac2/U_osc_calib/dac_mult_reg input system_wrapper_i/rp_dac/inst/U_dac2/U_osc_calib/dac_mult_reg/A[29:0] is not pipelined. Pipelining DSP48 input will improve performance.
Related violations: <none>

DPIP-1#12 Warning
Input pipelining  
DSP system_wrapper_i/rp_dac/inst/U_dac2/U_osc_calib/dac_mult_reg input system_wrapper_i/rp_dac/inst/U_dac2/U_osc_calib/dac_mult_reg/B[17:0] is not pipelined. Pipelining DSP48 input will improve performance.
Related violations: <none>

DPIP-1#13 Warning
Input pipelining  
DSP system_wrapper_i/rp_oscilloscope/inst/acq_ch_gen[0].U_osc2/U_area_kurtosis_accum/x2 input system_wrapper_i/rp_oscilloscope/inst/acq_ch_gen[0].U_osc2/U_area_kurtosis_accum/x2/A[29:0] is not pipelined. Pipelining DSP48 input will improve performance.
Related violations: <none>

DPIP-1#14 Warning
Input pipelining  
DSP system_wrapper_i/rp_oscilloscope/inst/acq_ch_gen[0].U_osc2/U_area_kurtosis_accum/x2 input system_wrapper_i/rp_oscilloscope/inst/acq_ch_gen[0].U_osc2/U_area_kurtosis_accum/x2/B[17:0] is not pipelined. Pipelining DSP48 input will improve performance.
Related violations: <none>

DPIP-1#15 Warning
Input pipelining  
DSP system_wrapper_i/rp_oscilloscope/inst/acq_ch_gen[0].U_osc2/U_area_kurtosis_accum/x4 input system_wrapper_i/rp_oscilloscope/inst/acq_ch_gen[0].U_osc2/U_area_kurtosis_accum/x4/A[29:0] is not pipelined. Pipelining DSP48 input will improve performance.
Related violations: <none>

DPIP-1#16 Warning
Input pipelining  
DSP system_wrapper_i/rp_oscilloscope/inst/acq_ch_gen[0].U_osc2/U_area_kurtosis_accum/x4 input system_wrapper_i/rp_oscilloscope/inst/acq_ch_gen[0].U_osc2/U_area_kurtosis_accum/x4/B[17:0] is not pipelined. Pipelining DSP48 input will improve performance.
Related violations: <none>

DPIP-1#17 Warning
Input pipelining  
DSP system_wrapper_i/rp_oscilloscope/inst/acq_ch_gen[0].U_osc2/U_area_kurtosis_accum/x4__0 input system_wrapper_i/rp_oscilloscope/inst/acq_ch_gen[0].U_osc2/U_area_kurtosis_accum/x4__0/A[29:0] is not pipelined. Pipelining DSP48 input will improve performance.
Related violations: <none>

DPIP-1#18 Warning
Input pipelining  
DSP system_wrapper_i/rp_oscilloscope/inst/acq_ch_gen[0].U_osc2/U_area_kurtosis_accum/x4__0 input system_wrapper_i/rp_oscilloscope/inst/acq_ch_gen[0].U_osc2/U_area_kurtosis_accum/x4__0/B[17:0] is not pipelined. Pipelining DSP48 input will improve performance.
Related violations: <none>

DPIP-1#19 Warning
Input pipelining  
DSP system_wrapper_i/rp_oscilloscope/inst/acq_ch_gen[0].U_osc2/U_area_kurtosis_accum/x4__1 input system_wrapper_i/rp_oscilloscope/inst/acq_ch_gen[0].U_osc2/U_area_kurtosis_accum/x4__1/A[29:0] is not pipelined. Pipelining DSP48 input will improve performance.
Related violations: <none>

DPIP-1#20 Warning
Input pipelining  
DSP system_wrapper_i/rp_oscilloscope/inst/acq_ch_gen[0].U_osc2/U_area_kurtosis_accum/x4__1 input system_wrapper_i/rp_oscilloscope/inst/acq_ch_gen[0].U_osc2/U_area_kurtosis_accum/x4__1/B[17:0] is not pipelined. Pipelining DSP48 input will improve performance.
Related violations: <none>

DPIP-1#21 Warning
Input pipelining  
DSP system_wrapper_i/rp_oscilloscope/inst/acq_ch_gen[0].U_osc2/U_area_kurtosis_accum/x4__2 input system_wrapper_i/rp_oscilloscope/inst/acq_ch_gen[0].U_osc2/U_area_kurtosis_accum/x4__2/A[29:0] is not pipelined. Pipelining DSP48 input will improve performance.
Related violations: <none>

DPIP-1#22 Warning
Input pipelining  
DSP system_wrapper_i/rp_oscilloscope/inst/acq_ch_gen[0].U_osc2/U_area_kurtosis_accum/x4__2 input system_wrapper_i/rp_oscilloscope/inst/acq_ch_gen[0].U_osc2/U_area_kurtosis_accum/x4__2/B[17:0] is not pipelined. Pipelining DSP48 input will improve performance.
Related violations: <none>

DPIP-1#23 Warning
Input pipelining  
DSP system_wrapper_i/rp_oscilloscope/inst/acq_ch_gen[0].U_osc2/U_bandpass_filter/U_seccion0/acc_scaled0 input system_wrapper_i/rp_oscilloscope/inst/acq_ch_gen[0].U_osc2/U_bandpass_filter/U_seccion0/acc_scaled0/A[29:0] is not pipelined. Pipelining DSP48 input will improve performance.
Related violations: <none>

DPIP-1#24 Warning
Input pipelining  
DSP system_wrapper_i/rp_oscilloscope/inst/acq_ch_gen[0].U_osc2/U_bandpass_filter/U_seccion0/acc_scaled0__0 input system_wrapper_i/rp_oscilloscope/inst/acq_ch_gen[0].U_osc2/U_bandpass_filter/U_seccion0/acc_scaled0__0/A[29:0] is not pipelined. Pipelining DSP48 input will improve performance.
Related violations: <none>

DPIP-1#25 Warning
Input pipelining  
DSP system_wrapper_i/rp_oscilloscope/inst/acq_ch_gen[0].U_osc2/U_bandpass_filter/U_seccion0/prod_a1 input system_wrapper_i/rp_oscilloscope/inst/acq_ch_gen[0].U_osc2/U_bandpass_filter/U_seccion0/prod_a1/A[29:0] is not pipelined. Pipelining DSP48 input will improve performance.
Related violations: <none>

DPIP-1#26 Warning
Input pipelining  
DSP system_wrapper_i/rp_oscilloscope/inst/acq_ch_gen[0].U_osc2/U_bandpass_filter/U_seccion0/prod_a1 input system_wrapper_i/rp_oscilloscope/inst/acq_ch_gen[0].U_osc2/U_bandpass_filter/U_seccion0/prod_a1/B[17:0] is not pipelined. Pipelining DSP48 input will improve performance.
Related violations: <none>

DPIP-1#27 Warning
Input pipelining  
DSP system_wrapper_i/rp_oscilloscope/inst/acq_ch_gen[0].U_osc2/U_bandpass_filter/U_seccion0/prod_a2 input system_wrapper_i/rp_oscilloscope/inst/acq_ch_gen[0].U_osc2/U_bandpass_filter/U_seccion0/prod_a2/A[29:0] is not pipelined. Pipelining DSP48 input will improve performance.
Related violations: <none>

DPIP-1#28 Warning
Input pipelining  
DSP system_wrapper_i/rp_oscilloscope/inst/acq_ch_gen[0].U_osc2/U_bandpass_filter/U_seccion0/prod_b2 input system_wrapper_i/rp_oscilloscope/inst/acq_ch_gen[0].U_osc2/U_bandpass_filter/U_seccion0/prod_b2/A[29:0] is not pipelined. Pipelining DSP48 input will improve performance.
Related violations: <none>

DPIP-1#29 Warning
Input pipelining  
DSP system_wrapper_i/rp_oscilloscope/inst/acq_ch_gen[0].U_osc2/U_bandpass_filter/U_seccion1/acc_scaled0 input system_wrapper_i/rp_oscilloscope/inst/acq_ch_gen[0].U_osc2/U_bandpass_filter/U_seccion1/acc_scaled0/A[29:0] is not pipelined. Pipelining DSP48 input will improve performance.
Related violations: <none>

DPIP-1#30 Warning
Input pipelining  
DSP system_wrapper_i/rp_oscilloscope/inst/acq_ch_gen[0].U_osc2/U_bandpass_filter/U_seccion1/acc_scaled0__0 input system_wrapper_i/rp_oscilloscope/inst/acq_ch_gen[0].U_osc2/U_bandpass_filter/U_seccion1/acc_scaled0__0/A[29:0] is not pipelined. Pipelining DSP48 input will improve performance.
Related violations: <none>

DPIP-1#31 Warning
Input pipelining  
DSP system_wrapper_i/rp_oscilloscope/inst/acq_ch_gen[0].U_osc2/U_bandpass_filter/U_seccion1/prod_a1 input system_wrapper_i/rp_oscilloscope/inst/acq_ch_gen[0].U_osc2/U_bandpass_filter/U_seccion1/prod_a1/A[29:0] is not pipelined. Pipelining DSP48 input will improve performance.
Related violations: <none>

DPIP-1#32 Warning
Input pipelining  
DSP system_wrapper_i/rp_oscilloscope/inst/acq_ch_gen[0].U_osc2/U_bandpass_filter/U_seccion1/prod_a1 input system_wrapper_i/rp_oscilloscope/inst/acq_ch_gen[0].U_osc2/U_bandpass_filter/U_seccion1/prod_a1/B[17:0] is not pipelined. Pipelining DSP48 input will improve performance.
Related violations: <none>

DPIP-1#33 Warning
Input pipelining  
DSP system_wrapper_i/rp_oscilloscope/inst/acq_ch_gen[0].U_osc2/U_bandpass_filter/U_seccion1/prod_a2 input system_wrapper_i/rp_oscilloscope/inst/acq_ch_gen[0].U_osc2/U_bandpass_filter/U_seccion1/prod_a2/A[29:0] is not pipelined. Pipelining DSP48 input will improve performance.
Related violations: <none>

DPIP-1#34 Warning
Input pipelining  
DSP system_wrapper_i/rp_oscilloscope/inst/acq_ch_gen[0].U_osc2/U_bandpass_filter/U_seccion1/prod_b2 input system_wrapper_i/rp_oscilloscope/inst/acq_ch_gen[0].U_osc2/U_bandpass_filter/U_seccion1/prod_b2/A[29:0] is not pipelined. Pipelining DSP48 input will improve performance.
Related violations: <none>

DPIP-1#35 Warning
Input pipelining  
DSP system_wrapper_i/rp_oscilloscope/inst/acq_ch_gen[0].U_osc2/U_osc_calib/gain_calc_r_reg input system_wrapper_i/rp_oscilloscope/inst/acq_ch_gen[0].U_osc2/U_osc_calib/gain_calc_r_reg/A[29:0] is not pipelined. Pipelining DSP48 input will improve performance.
Related violations: <none>

DPIP-1#36 Warning
Input pipelining  
DSP system_wrapper_i/rp_oscilloscope/inst/acq_ch_gen[0].U_osc2/U_osc_calib/gain_calc_reg input system_wrapper_i/rp_oscilloscope/inst/acq_ch_gen[0].U_osc2/U_osc_calib/gain_calc_reg/B[17:0] is not pipelined. Pipelining DSP48 input will improve performance.
Related violations: <none>

DPIP-1#37 Warning
Input pipelining  
DSP system_wrapper_i/rp_oscilloscope/inst/acq_ch_gen[0].U_osc2/i_dfilt/aa_mult input system_wrapper_i/rp_oscilloscope/inst/acq_ch_gen[0].U_osc2/i_dfilt/aa_mult/B[17:0] is not pipelined. Pipelining DSP48 input will improve performance.
Related violations: <none>

DPIP-1#38 Warning
Input pipelining  
DSP system_wrapper_i/rp_oscilloscope/inst/acq_ch_gen[0].U_osc2/i_dfilt/bb_mult input system_wrapper_i/rp_oscilloscope/inst/acq_ch_gen[0].U_osc2/i_dfilt/bb_mult/A[29:0] is not pipelined. Pipelining DSP48 input will improve performance.
Related violations: <none>

DPIP-1#39 Warning
Input pipelining  
DSP system_wrapper_i/rp_oscilloscope/inst/acq_ch_gen[0].U_osc2/i_dfilt/bb_mult input system_wrapper_i/rp_oscilloscope/inst/acq_ch_gen[0].U_osc2/i_dfilt/bb_mult/B[17:0] is not pipelined. Pipelining DSP48 input will improve performance.
Related violations: <none>

DPIP-1#40 Warning
Input pipelining  
DSP system_wrapper_i/rp_oscilloscope/inst/acq_ch_gen[0].U_osc2/i_dfilt/kk_mult_reg input system_wrapper_i/rp_oscilloscope/inst/acq_ch_gen[0].U_osc2/i_dfilt/kk_mult_reg/A[29:0] is not pipelined. Pipelining DSP48 input will improve performance.
Related violations: <none>

DPIP-1#41 Warning
Input pipelining  
DSP system_wrapper_i/rp_oscilloscope/inst/acq_ch_gen[0].U_osc2/i_dfilt/pp_mult input system_wrapper_i/rp_oscilloscope/inst/acq_ch_gen[0].U_osc2/i_dfilt/pp_mult/A[29:0] is not pipelined. Pipelining DSP48 input will improve performance.
Related violations: <none>

DPIP-1#42 Warning
Input pipelining  
DSP system_wrapper_i/rp_oscilloscope/inst/acq_ch_gen[1].U_osc2/U_bandpass_filter/U_seccion0/acc_scaled0 input system_wrapper_i/rp_oscilloscope/inst/acq_ch_gen[1].U_osc2/U_bandpass_filter/U_seccion0/acc_scaled0/A[29:0] is not pipelined. Pipelining DSP48 input will improve performance.
Related violations: <none>

DPIP-1#43 Warning
Input pipelining  
DSP system_wrapper_i/rp_oscilloscope/inst/acq_ch_gen[1].U_osc2/U_bandpass_filter/U_seccion0/acc_scaled0__0 input system_wrapper_i/rp_oscilloscope/inst/acq_ch_gen[1].U_osc2/U_bandpass_filter/U_seccion0/acc_scaled0__0/A[29:0] is not pipelined. Pipelining DSP48 input will improve performance.
Related violations: <none>

DPIP-1#44 Warning
Input pipelining  
DSP system_wrapper_i/rp_oscilloscope/inst/acq_ch_gen[1].U_osc2/U_bandpass_filter/U_seccion0/prod_a1 input system_wrapper_i/rp_oscilloscope/inst/acq_ch_gen[1].U_osc2/U_bandpass_filter/U_seccion0/prod_a1/A[29:0] is not pipelined. Pipelining DSP48 input will improve performance.
Related violations: <none>

DPIP-1#45 Warning
Input pipelining  
DSP system_wrapper_i/rp_oscilloscope/inst/acq_ch_gen[1].U_osc2/U_bandpass_filter/U_seccion0/prod_a1 input system_wrapper_i/rp_oscilloscope/inst/acq_ch_gen[1].U_osc2/U_bandpass_filter/U_seccion0/prod_a1/B[17:0] is not pipelined. Pipelining DSP48 input will improve performance.
Related violations: <none>

DPIP-1#46 Warning
Input pipelining  
DSP system_wrapper_i/rp_oscilloscope/inst/acq_ch_gen[1].U_osc2/U_bandpass_filter/U_seccion0/prod_a2 input system_wrapper_i/rp_oscilloscope/inst/acq_ch_gen[1].U_osc2/U_bandpass_filter/U_seccion0/prod_a2/A[29:0] is not pipelined. Pipelining DSP48 input will improve performance.
Related violations: <none>

DPIP-1#47 Warning
Input pipelining  
DSP system_wrapper_i/rp_oscilloscope/inst/acq_ch_gen[1].U_osc2/U_bandpass_filter/U_seccion0/prod_b2 input system_wrapper_i/rp_oscilloscope/inst/acq_ch_gen[1].U_osc2/U_bandpass_filter/U_seccion0/prod_b2/A[29:0] is not pipelined. Pipelining DSP48 input will improve performance.
Related violations: <none>

DPIP-1#48 Warning
Input pipelining  
DSP system_wrapper_i/rp_oscilloscope/inst/acq_ch_gen[1].U_osc2/U_bandpass_filter/U_seccion1/acc_scaled0 input system_wrapper_i/rp_oscilloscope/inst/acq_ch_gen[1].U_osc2/U_bandpass_filter/U_seccion1/acc_scaled0/A[29:0] is not pipelined. Pipelining DSP48 input will improve performance.
Related violations: <none>

DPIP-1#49 Warning
Input pipelining  
DSP system_wrapper_i/rp_oscilloscope/inst/acq_ch_gen[1].U_osc2/U_bandpass_filter/U_seccion1/acc_scaled0__0 input system_wrapper_i/rp_oscilloscope/inst/acq_ch_gen[1].U_osc2/U_bandpass_filter/U_seccion1/acc_scaled0__0/A[29:0] is not pipelined. Pipelining DSP48 input will improve performance.
Related violations: <none>

DPIP-1#50 Warning
Input pipelining  
DSP system_wrapper_i/rp_oscilloscope/inst/acq_ch_gen[1].U_osc2/U_bandpass_filter/U_seccion1/prod_a1 input system_wrapper_i/rp_oscilloscope/inst/acq_ch_gen[1].U_osc2/U_bandpass_filter/U_seccion1/prod_a1/A[29:0] is not pipelined. Pipelining DSP48 input will improve performance.
Related violations: <none>

DPIP-1#51 Warning
Input pipelining  
DSP system_wrapper_i/rp_oscilloscope/inst/acq_ch_gen[1].U_osc2/U_bandpass_filter/U_seccion1/prod_a1 input system_wrapper_i/rp_oscilloscope/inst/acq_ch_gen[1].U_osc2/U_bandpass_filter/U_seccion1/prod_a1/B[17:0] is not pipelined. Pipelining DSP48 input will improve performance.
Related violations: <none>

DPIP-1#52 Warning
Input pipelining  
DSP system_wrapper_i/rp_oscilloscope/inst/acq_ch_gen[1].U_osc2/U_bandpass_filter/U_seccion1/prod_a2 input system_wrapper_i/rp_oscilloscope/inst/acq_ch_gen[1].U_osc2/U_bandpass_filter/U_seccion1/prod_a2/A[29:0] is not pipelined. Pipelining DSP48 input will improve performance.
Related violations: <none>

DPIP-1#53 Warning
Input pipelining  
DSP system_wrapper_i/rp_oscilloscope/inst/acq_ch_gen[1].U_osc2/U_bandpass_filter/U_seccion1/prod_b2 input system_wrapper_i/rp_oscilloscope/inst/acq_ch_gen[1].U_osc2/U_bandpass_filter/U_seccion1/prod_b2/A[29:0] is not pipelined. Pipelining DSP48 input will improve performance.
Related violations: <none>

DPIP-1#54 Warning
Input pipelining  
DSP system_wrapper_i/rp_oscilloscope/inst/acq_ch_gen[1].U_osc2/U_osc_calib/gain_calc_r_reg input system_wrapper_i/rp_oscilloscope/inst/acq_ch_gen[1].U_osc2/U_osc_calib/gain_calc_r_reg/A[29:0] is not pipelined. Pipelining DSP48 input will improve performance.
Related violations: <none>

DPIP-1#55 Warning
Input pipelining  
DSP system_wrapper_i/rp_oscilloscope/inst/acq_ch_gen[1].U_osc2/U_osc_calib/gain_calc_reg input system_wrapper_i/rp_oscilloscope/inst/acq_ch_gen[1].U_osc2/U_osc_calib/gain_calc_reg/B[17:0] is not pipelined. Pipelining DSP48 input will improve performance.
Related violations: <none>

DPIP-1#56 Warning
Input pipelining  
DSP system_wrapper_i/rp_oscilloscope/inst/acq_ch_gen[1].U_osc2/i_dfilt/aa_mult input system_wrapper_i/rp_oscilloscope/inst/acq_ch_gen[1].U_osc2/i_dfilt/aa_mult/B[17:0] is not pipelined. Pipelining DSP48 input will improve performance.
Related violations: <none>

DPIP-1#57 Warning
Input pipelining  
DSP system_wrapper_i/rp_oscilloscope/inst/acq_ch_gen[1].U_osc2/i_dfilt/bb_mult input system_wrapper_i/rp_oscilloscope/inst/acq_ch_gen[1].U_osc2/i_dfilt/bb_mult/A[29:0] is not pipelined. Pipelining DSP48 input will improve performance.
Related violations: <none>

DPIP-1#58 Warning
Input pipelining  
DSP system_wrapper_i/rp_oscilloscope/inst/acq_ch_gen[1].U_osc2/i_dfilt/bb_mult input system_wrapper_i/rp_oscilloscope/inst/acq_ch_gen[1].U_osc2/i_dfilt/bb_mult/B[17:0] is not pipelined. Pipelining DSP48 input will improve performance.
Related violations: <none>

DPIP-1#59 Warning
Input pipelining  
DSP system_wrapper_i/rp_oscilloscope/inst/acq_ch_gen[1].U_osc2/i_dfilt/kk_mult_reg input system_wrapper_i/rp_oscilloscope/inst/acq_ch_gen[1].U_osc2/i_dfilt/kk_mult_reg/A[29:0] is not pipelined. Pipelining DSP48 input will improve performance.
Related violations: <none>

DPIP-1#60 Warning
Input pipelining  
DSP system_wrapper_i/rp_oscilloscope/inst/acq_ch_gen[1].U_osc2/i_dfilt/pp_mult input system_wrapper_i/rp_oscilloscope/inst/acq_ch_gen[1].U_osc2/i_dfilt/pp_mult/A[29:0] is not pipelined. Pipelining DSP48 input will improve performance.
Related violations: <none>

DPOP-1#1 Warning
PREG Output pipelining  
DSP system_wrapper_i/rp_oscilloscope/inst/acq_ch_gen[0].U_osc2/U_area_kurtosis_accum/x2 output system_wrapper_i/rp_oscilloscope/inst/acq_ch_gen[0].U_osc2/U_area_kurtosis_accum/x2/P[47:0] is not pipelined (PREG=0). Pipelining the DSP48 output will improve performance and often saves power so it is suggested whenever possible to fully pipeline this function.  If this DSP48 function was inferred, it is suggested to describe an additional register stage after this function.  If the DSP48 was instantiated in the design, it is suggested to set the PREG attribute to 1.
Related violations: <none>

DPOP-1#2 Warning
PREG Output pipelining  
DSP system_wrapper_i/rp_oscilloscope/inst/acq_ch_gen[0].U_osc2/U_area_kurtosis_accum/x4 output system_wrapper_i/rp_oscilloscope/inst/acq_ch_gen[0].U_osc2/U_area_kurtosis_accum/x4/P[47:0] is not pipelined (PREG=0). Pipelining the DSP48 output will improve performance and often saves power so it is suggested whenever possible to fully pipeline this function.  If this DSP48 function was inferred, it is suggested to describe an additional register stage after this function.  If the DSP48 was instantiated in the design, it is suggested to set the PREG attribute to 1.
Related violations: <none>

DPOP-1#3 Warning
PREG Output pipelining  
DSP system_wrapper_i/rp_oscilloscope/inst/acq_ch_gen[0].U_osc2/U_area_kurtosis_accum/x4__0 output system_wrapper_i/rp_oscilloscope/inst/acq_ch_gen[0].U_osc2/U_area_kurtosis_accum/x4__0/P[47:0] is not pipelined (PREG=0). Pipelining the DSP48 output will improve performance and often saves power so it is suggested whenever possible to fully pipeline this function.  If this DSP48 function was inferred, it is suggested to describe an additional register stage after this function.  If the DSP48 was instantiated in the design, it is suggested to set the PREG attribute to 1.
Related violations: <none>

DPOP-1#4 Warning
PREG Output pipelining  
DSP system_wrapper_i/rp_oscilloscope/inst/acq_ch_gen[0].U_osc2/U_area_kurtosis_accum/x4__1 output system_wrapper_i/rp_oscilloscope/inst/acq_ch_gen[0].U_osc2/U_area_kurtosis_accum/x4__1/P[47:0] is not pipelined (PREG=0). Pipelining the DSP48 output will improve performance and often saves power so it is suggested whenever possible to fully pipeline this function.  If this DSP48 function was inferred, it is suggested to describe an additional register stage after this function.  If the DSP48 was instantiated in the design, it is suggested to set the PREG attribute to 1.
Related violations: <none>

DPOP-1#5 Warning
PREG Output pipelining  
DSP system_wrapper_i/rp_oscilloscope/inst/acq_ch_gen[0].U_osc2/U_area_kurtosis_accum/x4__2 output system_wrapper_i/rp_oscilloscope/inst/acq_ch_gen[0].U_osc2/U_area_kurtosis_accum/x4__2/P[47:0] is not pipelined (PREG=0). Pipelining the DSP48 output will improve performance and often saves power so it is suggested whenever possible to fully pipeline this function.  If this DSP48 function was inferred, it is suggested to describe an additional register stage after this function.  If the DSP48 was instantiated in the design, it is suggested to set the PREG attribute to 1.
Related violations: <none>

DPOP-1#6 Warning
PREG Output pipelining  
DSP system_wrapper_i/rp_oscilloscope/inst/acq_ch_gen[0].U_osc2/U_bandpass_filter/U_seccion0/acc_scaled0__0 output system_wrapper_i/rp_oscilloscope/inst/acq_ch_gen[0].U_osc2/U_bandpass_filter/U_seccion0/acc_scaled0__0/P[47:0] is not pipelined (PREG=0). Pipelining the DSP48 output will improve performance and often saves power so it is suggested whenever possible to fully pipeline this function.  If this DSP48 function was inferred, it is suggested to describe an additional register stage after this function.  If the DSP48 was instantiated in the design, it is suggested to set the PREG attribute to 1.
Related violations: <none>

DPOP-1#7 Warning
PREG Output pipelining  
DSP system_wrapper_i/rp_oscilloscope/inst/acq_ch_gen[0].U_osc2/U_bandpass_filter/U_seccion0/prod_a1 output system_wrapper_i/rp_oscilloscope/inst/acq_ch_gen[0].U_osc2/U_bandpass_filter/U_seccion0/prod_a1/P[47:0] is not pipelined (PREG=0). Pipelining the DSP48 output will improve performance and often saves power so it is suggested whenever possible to fully pipeline this function.  If this DSP48 function was inferred, it is suggested to describe an additional register stage after this function.  If the DSP48 was instantiated in the design, it is suggested to set the PREG attribute to 1.
Related violations: <none>

DPOP-1#8 Warning
PREG Output pipelining  
DSP system_wrapper_i/rp_oscilloscope/inst/acq_ch_gen[0].U_osc2/U_bandpass_filter/U_seccion0/prod_a2 output system_wrapper_i/rp_oscilloscope/inst/acq_ch_gen[0].U_osc2/U_bandpass_filter/U_seccion0/prod_a2/P[47:0] is not pipelined (PREG=0). Pipelining the DSP48 output will improve performance and often saves power so it is suggested whenever possible to fully pipeline this function.  If this DSP48 function was inferred, it is suggested to describe an additional register stage after this function.  If the DSP48 was instantiated in the design, it is suggested to set the PREG attribute to 1.
Related violations: <none>

DPOP-1#9 Warning
PREG Output pipelining  
DSP system_wrapper_i/rp_oscilloscope/inst/acq_ch_gen[0].U_osc2/U_bandpass_filter/U_seccion1/acc_scaled0__0 output system_wrapper_i/rp_oscilloscope/inst/acq_ch_gen[0].U_osc2/U_bandpass_filter/U_seccion1/acc_scaled0__0/P[47:0] is not pipelined (PREG=0). Pipelining the DSP48 output will improve performance and often saves power so it is suggested whenever possible to fully pipeline this function.  If this DSP48 function was inferred, it is suggested to describe an additional register stage after this function.  If the DSP48 was instantiated in the design, it is suggested to set the PREG attribute to 1.
Related violations: <none>

DPOP-1#10 Warning
PREG Output pipelining  
DSP system_wrapper_i/rp_oscilloscope/inst/acq_ch_gen[0].U_osc2/U_bandpass_filter/U_seccion1/prod_a1 output system_wrapper_i/rp_oscilloscope/inst/acq_ch_gen[0].U_osc2/U_bandpass_filter/U_seccion1/prod_a1/P[47:0] is not pipelined (PREG=0). Pipelining the DSP48 output will improve performance and often saves power so it is suggested whenever possible to fully pipeline this function.  If this DSP48 function was inferred, it is suggested to describe an additional register stage after this function.  If the DSP48 was instantiated in the design, it is suggested to set the PREG attribute to 1.
Related violations: <none>

DPOP-1#11 Warning
PREG Output pipelining  
DSP system_wrapper_i/rp_oscilloscope/inst/acq_ch_gen[0].U_osc2/U_bandpass_filter/U_seccion1/prod_a2 output system_wrapper_i/rp_oscilloscope/inst/acq_ch_gen[0].U_osc2/U_bandpass_filter/U_seccion1/prod_a2/P[47:0] is not pipelined (PREG=0). Pipelining the DSP48 output will improve performance and often saves power so it is suggested whenever possible to fully pipeline this function.  If this DSP48 function was inferred, it is suggested to describe an additional register stage after this function.  If the DSP48 was instantiated in the design, it is suggested to set the PREG attribute to 1.
Related violations: <none>

DPOP-1#12 Warning
PREG Output pipelining  
DSP system_wrapper_i/rp_oscilloscope/inst/acq_ch_gen[0].U_osc2/i_dfilt/aa_mult output system_wrapper_i/rp_oscilloscope/inst/acq_ch_gen[0].U_osc2/i_dfilt/aa_mult/P[47:0] is not pipelined (PREG=0). Pipelining the DSP48 output will improve performance and often saves power so it is suggested whenever possible to fully pipeline this function.  If this DSP48 function was inferred, it is suggested to describe an additional register stage after this function.  If the DSP48 was instantiated in the design, it is suggested to set the PREG attribute to 1.
Related violations: <none>

DPOP-1#13 Warning
PREG Output pipelining  
DSP system_wrapper_i/rp_oscilloscope/inst/acq_ch_gen[0].U_osc2/i_dfilt/pp_mult output system_wrapper_i/rp_oscilloscope/inst/acq_ch_gen[0].U_osc2/i_dfilt/pp_mult/P[47:0] is not pipelined (PREG=0). Pipelining the DSP48 output will improve performance and often saves power so it is suggested whenever possible to fully pipeline this function.  If this DSP48 function was inferred, it is suggested to describe an additional register stage after this function.  If the DSP48 was instantiated in the design, it is suggested to set the PREG attribute to 1.
Related violations: <none>

DPOP-1#14 Warning
PREG Output pipelining  
DSP system_wrapper_i/rp_oscilloscope/inst/acq_ch_gen[1].U_osc2/U_bandpass_filter/U_seccion0/acc_scaled0__0 output system_wrapper_i/rp_oscilloscope/inst/acq_ch_gen[1].U_osc2/U_bandpass_filter/U_seccion0/acc_scaled0__0/P[47:0] is not pipelined (PREG=0). Pipelining the DSP48 output will improve performance and often saves power so it is suggested whenever possible to fully pipeline this function.  If this DSP48 function was inferred, it is suggested to describe an additional register stage after this function.  If the DSP48 was instantiated in the design, it is suggested to set the PREG attribute to 1.
Related violations: <none>

DPOP-1#15 Warning
PREG Output pipelining  
DSP system_wrapper_i/rp_oscilloscope/inst/acq_ch_gen[1].U_osc2/U_bandpass_filter/U_seccion0/prod_a1 output system_wrapper_i/rp_oscilloscope/inst/acq_ch_gen[1].U_osc2/U_bandpass_filter/U_seccion0/prod_a1/P[47:0] is not pipelined (PREG=0). Pipelining the DSP48 output will improve performance and often saves power so it is suggested whenever possible to fully pipeline this function.  If this DSP48 function was inferred, it is suggested to describe an additional register stage after this function.  If the DSP48 was instantiated in the design, it is suggested to set the PREG attribute to 1.
Related violations: <none>

DPOP-1#16 Warning
PREG Output pipelining  
DSP system_wrapper_i/rp_oscilloscope/inst/acq_ch_gen[1].U_osc2/U_bandpass_filter/U_seccion0/prod_a2 output system_wrapper_i/rp_oscilloscope/inst/acq_ch_gen[1].U_osc2/U_bandpass_filter/U_seccion0/prod_a2/P[47:0] is not pipelined (PREG=0). Pipelining the DSP48 output will improve performance and often saves power so it is suggested whenever possible to fully pipeline this function.  If this DSP48 function was inferred, it is suggested to describe an additional register stage after this function.  If the DSP48 was instantiated in the design, it is suggested to set the PREG attribute to 1.
Related violations: <none>

DPOP-1#17 Warning
PREG Output pipelining  
DSP system_wrapper_i/rp_oscilloscope/inst/acq_ch_gen[1].U_osc2/U_bandpass_filter/U_seccion1/acc_scaled0__0 output system_wrapper_i/rp_oscilloscope/inst/acq_ch_gen[1].U_osc2/U_bandpass_filter/U_seccion1/acc_scaled0__0/P[47:0] is not pipelined (PREG=0). Pipelining the DSP48 output will improve performance and often saves power so it is suggested whenever possible to fully pipeline this function.  If this DSP48 function was inferred, it is suggested to describe an additional register stage after this function.  If the DSP48 was instantiated in the design, it is suggested to set the PREG attribute to 1.
Related violations: <none>

DPOP-1#18 Warning
PREG Output pipelining  
DSP system_wrapper_i/rp_oscilloscope/inst/acq_ch_gen[1].U_osc2/U_bandpass_filter/U_seccion1/prod_a1 output system_wrapper_i/rp_oscilloscope/inst/acq_ch_gen[1].U_osc2/U_bandpass_filter/U_seccion1/prod_a1/P[47:0] is not pipelined (PREG=0). Pipelining the DSP48 output will improve performance and often saves power so it is suggested whenever possible to fully pipeline this function.  If this DSP48 function was inferred, it is suggested to describe an additional register stage after this function.  If the DSP48 was instantiated in the design, it is suggested to set the PREG attribute to 1.
Related violations: <none>

DPOP-1#19 Warning
PREG Output pipelining  
DSP system_wrapper_i/rp_oscilloscope/inst/acq_ch_gen[1].U_osc2/U_bandpass_filter/U_seccion1/prod_a2 output system_wrapper_i/rp_oscilloscope/inst/acq_ch_gen[1].U_osc2/U_bandpass_filter/U_seccion1/prod_a2/P[47:0] is not pipelined (PREG=0). Pipelining the DSP48 output will improve performance and often saves power so it is suggested whenever possible to fully pipeline this function.  If this DSP48 function was inferred, it is suggested to describe an additional register stage after this function.  If the DSP48 was instantiated in the design, it is suggested to set the PREG attribute to 1.
Related violations: <none>

DPOP-1#20 Warning
PREG Output pipelining  
DSP system_wrapper_i/rp_oscilloscope/inst/acq_ch_gen[1].U_osc2/i_dfilt/aa_mult output system_wrapper_i/rp_oscilloscope/inst/acq_ch_gen[1].U_osc2/i_dfilt/aa_mult/P[47:0] is not pipelined (PREG=0). Pipelining the DSP48 output will improve performance and often saves power so it is suggested whenever possible to fully pipeline this function.  If this DSP48 function was inferred, it is suggested to describe an additional register stage after this function.  If the DSP48 was instantiated in the design, it is suggested to set the PREG attribute to 1.
Related violations: <none>

DPOP-1#21 Warning
PREG Output pipelining  
DSP system_wrapper_i/rp_oscilloscope/inst/acq_ch_gen[1].U_osc2/i_dfilt/pp_mult output system_wrapper_i/rp_oscilloscope/inst/acq_ch_gen[1].U_osc2/i_dfilt/pp_mult/P[47:0] is not pipelined (PREG=0). Pipelining the DSP48 output will improve performance and often saves power so it is suggested whenever possible to fully pipeline this function.  If this DSP48 function was inferred, it is suggested to describe an additional register stage after this function.  If the DSP48 was instantiated in the design, it is suggested to set the PREG attribute to 1.
Related violations: <none>

DPOP-2#1 Warning
MREG Output pipelining  
DSP system_wrapper_i/rp_oscilloscope/inst/acq_ch_gen[0].U_osc2/U_area_kurtosis_accum/x2 multiplier stage system_wrapper_i/rp_oscilloscope/inst/acq_ch_gen[0].U_osc2/U_area_kurtosis_accum/x2/P[47:0] is not pipelined (MREG=0). Pipelining the multiplier function will improve performance and will save significant power so it is suggested whenever possible to fully pipeline this function.  If this multiplier was inferred, it is suggested to describe an additional register stage after this function.  If there is no registered adder/accumulator following the multiply function, two pipeline stages are suggested to allow both the MREG and PREG registers to be used.  If the DSP48 was instantiated in the design, it is suggested to set both the MREG and PREG attributes to 1 when performing multiply functions.
Related violations: <none>

DPOP-2#2 Warning
MREG Output pipelining  
DSP system_wrapper_i/rp_oscilloscope/inst/acq_ch_gen[0].U_osc2/U_area_kurtosis_accum/x4 multiplier stage system_wrapper_i/rp_oscilloscope/inst/acq_ch_gen[0].U_osc2/U_area_kurtosis_accum/x4/P[47:0] is not pipelined (MREG=0). Pipelining the multiplier function will improve performance and will save significant power so it is suggested whenever possible to fully pipeline this function.  If this multiplier was inferred, it is suggested to describe an additional register stage after this function.  If there is no registered adder/accumulator following the multiply function, two pipeline stages are suggested to allow both the MREG and PREG registers to be used.  If the DSP48 was instantiated in the design, it is suggested to set both the MREG and PREG attributes to 1 when performing multiply functions.
Related violations: <none>

DPOP-2#3 Warning
MREG Output pipelining  
DSP system_wrapper_i/rp_oscilloscope/inst/acq_ch_gen[0].U_osc2/U_area_kurtosis_accum/x4__0 multiplier stage system_wrapper_i/rp_oscilloscope/inst/acq_ch_gen[0].U_osc2/U_area_kurtosis_accum/x4__0/P[47:0] is not pipelined (MREG=0). Pipelining the multiplier function will improve performance and will save significant power so it is suggested whenever possible to fully pipeline this function.  If this multiplier was inferred, it is suggested to describe an additional register stage after this function.  If there is no registered adder/accumulator following the multiply function, two pipeline stages are suggested to allow both the MREG and PREG registers to be used.  If the DSP48 was instantiated in the design, it is suggested to set both the MREG and PREG attributes to 1 when performing multiply functions.
Related violations: <none>

DPOP-2#4 Warning
MREG Output pipelining  
DSP system_wrapper_i/rp_oscilloscope/inst/acq_ch_gen[0].U_osc2/U_area_kurtosis_accum/x4__1 multiplier stage system_wrapper_i/rp_oscilloscope/inst/acq_ch_gen[0].U_osc2/U_area_kurtosis_accum/x4__1/P[47:0] is not pipelined (MREG=0). Pipelining the multiplier function will improve performance and will save significant power so it is suggested whenever possible to fully pipeline this function.  If this multiplier was inferred, it is suggested to describe an additional register stage after this function.  If there is no registered adder/accumulator following the multiply function, two pipeline stages are suggested to allow both the MREG and PREG registers to be used.  If the DSP48 was instantiated in the design, it is suggested to set both the MREG and PREG attributes to 1 when performing multiply functions.
Related violations: <none>

DPOP-2#5 Warning
MREG Output pipelining  
DSP system_wrapper_i/rp_oscilloscope/inst/acq_ch_gen[0].U_osc2/U_area_kurtosis_accum/x4__2 multiplier stage system_wrapper_i/rp_oscilloscope/inst/acq_ch_gen[0].U_osc2/U_area_kurtosis_accum/x4__2/P[47:0] is not pipelined (MREG=0). Pipelining the multiplier function will improve performance and will save significant power so it is suggested whenever possible to fully pipeline this function.  If this multiplier was inferred, it is suggested to describe an additional register stage after this function.  If there is no registered adder/accumulator following the multiply function, two pipeline stages are suggested to allow both the MREG and PREG registers to be used.  If the DSP48 was instantiated in the design, it is suggested to set both the MREG and PREG attributes to 1 when performing multiply functions.
Related violations: <none>

DPOP-2#6 Warning
MREG Output pipelining  
DSP system_wrapper_i/rp_oscilloscope/inst/acq_ch_gen[0].U_osc2/U_bandpass_filter/U_seccion0/acc_scaled0__0 multiplier stage system_wrapper_i/rp_oscilloscope/inst/acq_ch_gen[0].U_osc2/U_bandpass_filter/U_seccion0/acc_scaled0__0/P[47:0] is not pipelined (MREG=0). Pipelining the multiplier function will improve performance and will save significant power so it is suggested whenever possible to fully pipeline this function.  If this multiplier was inferred, it is suggested to describe an additional register stage after this function.  If there is no registered adder/accumulator following the multiply function, two pipeline stages are suggested to allow both the MREG and PREG registers to be used.  If the DSP48 was instantiated in the design, it is suggested to set both the MREG and PREG attributes to 1 when performing multiply functions.
Related violations: <none>

DPOP-2#7 Warning
MREG Output pipelining  
DSP system_wrapper_i/rp_oscilloscope/inst/acq_ch_gen[0].U_osc2/U_bandpass_filter/U_seccion0/prod_a1 multiplier stage system_wrapper_i/rp_oscilloscope/inst/acq_ch_gen[0].U_osc2/U_bandpass_filter/U_seccion0/prod_a1/P[47:0] is not pipelined (MREG=0). Pipelining the multiplier function will improve performance and will save significant power so it is suggested whenever possible to fully pipeline this function.  If this multiplier was inferred, it is suggested to describe an additional register stage after this function.  If there is no registered adder/accumulator following the multiply function, two pipeline stages are suggested to allow both the MREG and PREG registers to be used.  If the DSP48 was instantiated in the design, it is suggested to set both the MREG and PREG attributes to 1 when performing multiply functions.
Related violations: <none>

DPOP-2#8 Warning
MREG Output pipelining  
DSP system_wrapper_i/rp_oscilloscope/inst/acq_ch_gen[0].U_osc2/U_bandpass_filter/U_seccion0/prod_a2 multiplier stage system_wrapper_i/rp_oscilloscope/inst/acq_ch_gen[0].U_osc2/U_bandpass_filter/U_seccion0/prod_a2/P[47:0] is not pipelined (MREG=0). Pipelining the multiplier function will improve performance and will save significant power so it is suggested whenever possible to fully pipeline this function.  If this multiplier was inferred, it is suggested to describe an additional register stage after this function.  If there is no registered adder/accumulator following the multiply function, two pipeline stages are suggested to allow both the MREG and PREG registers to be used.  If the DSP48 was instantiated in the design, it is suggested to set both the MREG and PREG attributes to 1 when performing multiply functions.
Related violations: <none>

DPOP-2#9 Warning
MREG Output pipelining  
DSP system_wrapper_i/rp_oscilloscope/inst/acq_ch_gen[0].U_osc2/U_bandpass_filter/U_seccion1/acc_scaled0__0 multiplier stage system_wrapper_i/rp_oscilloscope/inst/acq_ch_gen[0].U_osc2/U_bandpass_filter/U_seccion1/acc_scaled0__0/P[47:0] is not pipelined (MREG=0). Pipelining the multiplier function will improve performance and will save significant power so it is suggested whenever possible to fully pipeline this function.  If this multiplier was inferred, it is suggested to describe an additional register stage after this function.  If there is no registered adder/accumulator following the multiply function, two pipeline stages are suggested to allow both the MREG and PREG registers to be used.  If the DSP48 was instantiated in the design, it is suggested to set both the MREG and PREG attributes to 1 when performing multiply functions.
Related violations: <none>

DPOP-2#10 Warning
MREG Output pipelining  
DSP system_wrapper_i/rp_oscilloscope/inst/acq_ch_gen[0].U_osc2/U_bandpass_filter/U_seccion1/prod_a1 multiplier stage system_wrapper_i/rp_oscilloscope/inst/acq_ch_gen[0].U_osc2/U_bandpass_filter/U_seccion1/prod_a1/P[47:0] is not pipelined (MREG=0). Pipelining the multiplier function will improve performance and will save significant power so it is suggested whenever possible to fully pipeline this function.  If this multiplier was inferred, it is suggested to describe an additional register stage after this function.  If there is no registered adder/accumulator following the multiply function, two pipeline stages are suggested to allow both the MREG and PREG registers to be used.  If the DSP48 was instantiated in the design, it is suggested to set both the MREG and PREG attributes to 1 when performing multiply functions.
Related violations: <none>

DPOP-2#11 Warning
MREG Output pipelining  
DSP system_wrapper_i/rp_oscilloscope/inst/acq_ch_gen[0].U_osc2/U_bandpass_filter/U_seccion1/prod_a2 multiplier stage system_wrapper_i/rp_oscilloscope/inst/acq_ch_gen[0].U_osc2/U_bandpass_filter/U_seccion1/prod_a2/P[47:0] is not pipelined (MREG=0). Pipelining the multiplier function will improve performance and will save significant power so it is suggested whenever possible to fully pipeline this function.  If this multiplier was inferred, it is suggested to describe an additional register stage after this function.  If there is no registered adder/accumulator following the multiply function, two pipeline stages are suggested to allow both the MREG and PREG registers to be used.  If the DSP48 was instantiated in the design, it is suggested to set both the MREG and PREG attributes to 1 when performing multiply functions.
Related violations: <none>

DPOP-2#12 Warning
MREG Output pipelining  
DSP system_wrapper_i/rp_oscilloscope/inst/acq_ch_gen[0].U_osc2/i_dfilt/aa_mult multiplier stage system_wrapper_i/rp_oscilloscope/inst/acq_ch_gen[0].U_osc2/i_dfilt/aa_mult/P[47:0] is not pipelined (MREG=0). Pipelining the multiplier function will improve performance and will save significant power so it is suggested whenever possible to fully pipeline this function.  If this multiplier was inferred, it is suggested to describe an additional register stage after this function.  If there is no registered adder/accumulator following the multiply function, two pipeline stages are suggested to allow both the MREG and PREG registers to be used.  If the DSP48 was instantiated in the design, it is suggested to set both the MREG and PREG attributes to 1 when performing multiply functions.
Related violations: <none>

DPOP-2#13 Warning
MREG Output pipelining  
DSP system_wrapper_i/rp_oscilloscope/inst/acq_ch_gen[0].U_osc2/i_dfilt/bb_mult multiplier stage system_wrapper_i/rp_oscilloscope/inst/acq_ch_gen[0].U_osc2/i_dfilt/bb_mult/P[47:0] is not pipelined (MREG=0). Pipelining the multiplier function will improve performance and will save significant power so it is suggested whenever possible to fully pipeline this function.  If this multiplier was inferred, it is suggested to describe an additional register stage after this function.  If there is no registered adder/accumulator following the multiply function, two pipeline stages are suggested to allow both the MREG and PREG registers to be used.  If the DSP48 was instantiated in the design, it is suggested to set both the MREG and PREG attributes to 1 when performing multiply functions.
Related violations: <none>

DPOP-2#14 Warning
MREG Output pipelining  
DSP system_wrapper_i/rp_oscilloscope/inst/acq_ch_gen[0].U_osc2/i_dfilt/kk_mult_reg multiplier stage system_wrapper_i/rp_oscilloscope/inst/acq_ch_gen[0].U_osc2/i_dfilt/kk_mult_reg/P[47:0] is not pipelined (MREG=0). Pipelining the multiplier function will improve performance and will save significant power so it is suggested whenever possible to fully pipeline this function.  If this multiplier was inferred, it is suggested to describe an additional register stage after this function.  If there is no registered adder/accumulator following the multiply function, two pipeline stages are suggested to allow both the MREG and PREG registers to be used.  If the DSP48 was instantiated in the design, it is suggested to set both the MREG and PREG attributes to 1 when performing multiply functions.
Related violations: <none>

DPOP-2#15 Warning
MREG Output pipelining  
DSP system_wrapper_i/rp_oscilloscope/inst/acq_ch_gen[0].U_osc2/i_dfilt/pp_mult multiplier stage system_wrapper_i/rp_oscilloscope/inst/acq_ch_gen[0].U_osc2/i_dfilt/pp_mult/P[47:0] is not pipelined (MREG=0). Pipelining the multiplier function will improve performance and will save significant power so it is suggested whenever possible to fully pipeline this function.  If this multiplier was inferred, it is suggested to describe an additional register stage after this function.  If there is no registered adder/accumulator following the multiply function, two pipeline stages are suggested to allow both the MREG and PREG registers to be used.  If the DSP48 was instantiated in the design, it is suggested to set both the MREG and PREG attributes to 1 when performing multiply functions.
Related violations: <none>

DPOP-2#16 Warning
MREG Output pipelining  
DSP system_wrapper_i/rp_oscilloscope/inst/acq_ch_gen[1].U_osc2/U_bandpass_filter/U_seccion0/acc_scaled0__0 multiplier stage system_wrapper_i/rp_oscilloscope/inst/acq_ch_gen[1].U_osc2/U_bandpass_filter/U_seccion0/acc_scaled0__0/P[47:0] is not pipelined (MREG=0). Pipelining the multiplier function will improve performance and will save significant power so it is suggested whenever possible to fully pipeline this function.  If this multiplier was inferred, it is suggested to describe an additional register stage after this function.  If there is no registered adder/accumulator following the multiply function, two pipeline stages are suggested to allow both the MREG and PREG registers to be used.  If the DSP48 was instantiated in the design, it is suggested to set both the MREG and PREG attributes to 1 when performing multiply functions.
Related violations: <none>

DPOP-2#17 Warning
MREG Output pipelining  
DSP system_wrapper_i/rp_oscilloscope/inst/acq_ch_gen[1].U_osc2/U_bandpass_filter/U_seccion0/prod_a1 multiplier stage system_wrapper_i/rp_oscilloscope/inst/acq_ch_gen[1].U_osc2/U_bandpass_filter/U_seccion0/prod_a1/P[47:0] is not pipelined (MREG=0). Pipelining the multiplier function will improve performance and will save significant power so it is suggested whenever possible to fully pipeline this function.  If this multiplier was inferred, it is suggested to describe an additional register stage after this function.  If there is no registered adder/accumulator following the multiply function, two pipeline stages are suggested to allow both the MREG and PREG registers to be used.  If the DSP48 was instantiated in the design, it is suggested to set both the MREG and PREG attributes to 1 when performing multiply functions.
Related violations: <none>

DPOP-2#18 Warning
MREG Output pipelining  
DSP system_wrapper_i/rp_oscilloscope/inst/acq_ch_gen[1].U_osc2/U_bandpass_filter/U_seccion0/prod_a2 multiplier stage system_wrapper_i/rp_oscilloscope/inst/acq_ch_gen[1].U_osc2/U_bandpass_filter/U_seccion0/prod_a2/P[47:0] is not pipelined (MREG=0). Pipelining the multiplier function will improve performance and will save significant power so it is suggested whenever possible to fully pipeline this function.  If this multiplier was inferred, it is suggested to describe an additional register stage after this function.  If there is no registered adder/accumulator following the multiply function, two pipeline stages are suggested to allow both the MREG and PREG registers to be used.  If the DSP48 was instantiated in the design, it is suggested to set both the MREG and PREG attributes to 1 when performing multiply functions.
Related violations: <none>

DPOP-2#19 Warning
MREG Output pipelining  
DSP system_wrapper_i/rp_oscilloscope/inst/acq_ch_gen[1].U_osc2/U_bandpass_filter/U_seccion1/acc_scaled0__0 multiplier stage system_wrapper_i/rp_oscilloscope/inst/acq_ch_gen[1].U_osc2/U_bandpass_filter/U_seccion1/acc_scaled0__0/P[47:0] is not pipelined (MREG=0). Pipelining the multiplier function will improve performance and will save significant power so it is suggested whenever possible to fully pipeline this function.  If this multiplier was inferred, it is suggested to describe an additional register stage after this function.  If there is no registered adder/accumulator following the multiply function, two pipeline stages are suggested to allow both the MREG and PREG registers to be used.  If the DSP48 was instantiated in the design, it is suggested to set both the MREG and PREG attributes to 1 when performing multiply functions.
Related violations: <none>

DPOP-2#20 Warning
MREG Output pipelining  
DSP system_wrapper_i/rp_oscilloscope/inst/acq_ch_gen[1].U_osc2/U_bandpass_filter/U_seccion1/prod_a1 multiplier stage system_wrapper_i/rp_oscilloscope/inst/acq_ch_gen[1].U_osc2/U_bandpass_filter/U_seccion1/prod_a1/P[47:0] is not pipelined (MREG=0). Pipelining the multiplier function will improve performance and will save significant power so it is suggested whenever possible to fully pipeline this function.  If this multiplier was inferred, it is suggested to describe an additional register stage after this function.  If there is no registered adder/accumulator following the multiply function, two pipeline stages are suggested to allow both the MREG and PREG registers to be used.  If the DSP48 was instantiated in the design, it is suggested to set both the MREG and PREG attributes to 1 when performing multiply functions.
Related violations: <none>

DPOP-2#21 Warning
MREG Output pipelining  
DSP system_wrapper_i/rp_oscilloscope/inst/acq_ch_gen[1].U_osc2/U_bandpass_filter/U_seccion1/prod_a2 multiplier stage system_wrapper_i/rp_oscilloscope/inst/acq_ch_gen[1].U_osc2/U_bandpass_filter/U_seccion1/prod_a2/P[47:0] is not pipelined (MREG=0). Pipelining the multiplier function will improve performance and will save significant power so it is suggested whenever possible to fully pipeline this function.  If this multiplier was inferred, it is suggested to describe an additional register stage after this function.  If there is no registered adder/accumulator following the multiply function, two pipeline stages are suggested to allow both the MREG and PREG registers to be used.  If the DSP48 was instantiated in the design, it is suggested to set both the MREG and PREG attributes to 1 when performing multiply functions.
Related violations: <none>

DPOP-2#22 Warning
MREG Output pipelining  
DSP system_wrapper_i/rp_oscilloscope/inst/acq_ch_gen[1].U_osc2/i_dfilt/aa_mult multiplier stage system_wrapper_i/rp_oscilloscope/inst/acq_ch_gen[1].U_osc2/i_dfilt/aa_mult/P[47:0] is not pipelined (MREG=0). Pipelining the multiplier function will improve performance and will save significant power so it is suggested whenever possible to fully pipeline this function.  If this multiplier was inferred, it is suggested to describe an additional register stage after this function.  If there is no registered adder/accumulator following the multiply function, two pipeline stages are suggested to allow both the MREG and PREG registers to be used.  If the DSP48 was instantiated in the design, it is suggested to set both the MREG and PREG attributes to 1 when performing multiply functions.
Related violations: <none>

DPOP-2#23 Warning
MREG Output pipelining  
DSP system_wrapper_i/rp_oscilloscope/inst/acq_ch_gen[1].U_osc2/i_dfilt/bb_mult multiplier stage system_wrapper_i/rp_oscilloscope/inst/acq_ch_gen[1].U_osc2/i_dfilt/bb_mult/P[47:0] is not pipelined (MREG=0). Pipelining the multiplier function will improve performance and will save significant power so it is suggested whenever possible to fully pipeline this function.  If this multiplier was inferred, it is suggested to describe an additional register stage after this function.  If there is no registered adder/accumulator following the multiply function, two pipeline stages are suggested to allow both the MREG and PREG registers to be used.  If the DSP48 was instantiated in the design, it is suggested to set both the MREG and PREG attributes to 1 when performing multiply functions.
Related violations: <none>

DPOP-2#24 Warning
MREG Output pipelining  
DSP system_wrapper_i/rp_oscilloscope/inst/acq_ch_gen[1].U_osc2/i_dfilt/kk_mult_reg multiplier stage system_wrapper_i/rp_oscilloscope/inst/acq_ch_gen[1].U_osc2/i_dfilt/kk_mult_reg/P[47:0] is not pipelined (MREG=0). Pipelining the multiplier function will improve performance and will save significant power so it is suggested whenever possible to fully pipeline this function.  If this multiplier was inferred, it is suggested to describe an additional register stage after this function.  If there is no registered adder/accumulator following the multiply function, two pipeline stages are suggested to allow both the MREG and PREG registers to be used.  If the DSP48 was instantiated in the design, it is suggested to set both the MREG and PREG attributes to 1 when performing multiply functions.
Related violations: <none>

DPOP-2#25 Warning
MREG Output pipelining  
DSP system_wrapper_i/rp_oscilloscope/inst/acq_ch_gen[1].U_osc2/i_dfilt/pp_mult multiplier stage system_wrapper_i/rp_oscilloscope/inst/acq_ch_gen[1].U_osc2/i_dfilt/pp_mult/P[47:0] is not pipelined (MREG=0). Pipelining the multiplier function will improve performance and will save significant power so it is suggested whenever possible to fully pipeline this function.  If this multiplier was inferred, it is suggested to describe an additional register stage after this function.  If there is no registered adder/accumulator following the multiply function, two pipeline stages are suggested to allow both the MREG and PREG registers to be used.  If the DSP48 was instantiated in the design, it is suggested to set both the MREG and PREG attributes to 1 when performing multiply functions.
Related violations: <none>

PLIO-3#1 Warning
Placement Constraints Check for IO constraints  
Partially locked IO Bus is found. Following components of the IO Bus vinn_i[4:0] are not locked:  vinn_i[4]
Related violations: <none>

PLIO-3#2 Warning
Placement Constraints Check for IO constraints  
Partially locked IO Bus is found. Following components of the IO Bus vinp_i[4:0] are not locked:  vinp_i[4]
Related violations: <none>

PLIO-8#1 Warning
Placement Constraints Check for IO constraints  
Terminal dac_pwm_o[0] has IOB constraint set to TRUE, but it is either not connected to a FLOP element or the connected FLOP element could not be brought into the I/O.
Related violations: <none>

PLIO-8#2 Warning
Placement Constraints Check for IO constraints  
Terminal dac_pwm_o[1] has IOB constraint set to TRUE, but it is either not connected to a FLOP element or the connected FLOP element could not be brought into the I/O.
Related violations: <none>

PLIO-8#3 Warning
Placement Constraints Check for IO constraints  
Terminal dac_pwm_o[2] has IOB constraint set to TRUE, but it is either not connected to a FLOP element or the connected FLOP element could not be brought into the I/O.
Related violations: <none>

PLIO-8#4 Warning
Placement Constraints Check for IO constraints  
Terminal dac_pwm_o[3] has IOB constraint set to TRUE, but it is either not connected to a FLOP element or the connected FLOP element could not be brought into the I/O.
Related violations: <none>

REQP-1839#1 Warning
RAMB36 async control check  
The RAMB36E1 system_wrapper_i/rp_gpio/inst/gpio_in_top/U_dma_s2mm/U_fifo_axi_data/U0/inst_fifo_gen/gconvfifo.rf/grf.rf/gntv_or_sync_fifo.mem/gbm.gbmg.gbmga.ngecc.bmg/inst_blk_mem_gen/gnbram.gnativebmg.native_blk_mem_gen/valid.cstr/ramloop[0].ram.r/prim_noinit.ram/DEVICE_7SERIES.NO_BMM_INFO.SDP.WIDE_PRIM36_NO_ECC.ram has an input control pin system_wrapper_i/rp_gpio/inst/gpio_in_top/U_dma_s2mm/U_fifo_axi_data/U0/inst_fifo_gen/gconvfifo.rf/grf.rf/gntv_or_sync_fifo.mem/gbm.gbmg.gbmga.ngecc.bmg/inst_blk_mem_gen/gnbram.gnativebmg.native_blk_mem_gen/valid.cstr/ramloop[0].ram.r/prim_noinit.ram/DEVICE_7SERIES.NO_BMM_INFO.SDP.WIDE_PRIM36_NO_ECC.ram/ENARDEN (net: system_wrapper_i/rp_gpio/inst/gpio_in_top/U_dma_s2mm/U_fifo_axi_data/U0/inst_fifo_gen/gconvfifo.rf/grf.rf/gntv_or_sync_fifo.mem/gbm.gbmg.gbmga.ngecc.bmg/inst_blk_mem_gen/gnbram.gnativebmg.native_blk_mem_gen/valid.cstr/ramloop[0].ram.r/prim_noinit.ram/ENB) which is driven by a register (system_wrapper_i/axi_interconnect_2/m00_couplers/auto_pc/inst/gen_axi4_axi3.axi3_conv_inst/USE_WRITE.write_addr_inst/USE_BURSTS.cmd_queue/inst/fifo_gen_inst/inst_fifo_gen/gconvfifo.rf/grf.rf/gntv_or_sync_fifo.gl0.rd/gr1.gr1_int.rfwft/empty_fwft_i_reg) that has an active asychronous set or reset. This may cause corruption of the memory contents and/or read values when the set/reset is asserted and is not analyzed by the default static timing analysis. It is suggested to eliminate the use of a set/reset to registers driving this RAMB pin or else use a synchronous reset in which the assertion of the reset is timed by default.
Related violations: <none>

REQP-1839#2 Warning
RAMB36 async control check  
The RAMB36E1 system_wrapper_i/rp_oscilloscope/inst/acq_ch_gen[0].U_osc2/U_dma_s2mm/U_fifo_axi_data/U0/inst_fifo_gen/gconvfifo.rf/grf.rf/gntv_or_sync_fifo.mem/gbm.gbmg.gbmga.ngecc.bmg/inst_blk_mem_gen/gnbram.gnativebmg.native_blk_mem_gen/valid.cstr/ramloop[0].ram.r/prim_noinit.ram/DEVICE_7SERIES.NO_BMM_INFO.SDP.WIDE_PRIM36_NO_ECC.ram has an input control pin system_wrapper_i/rp_oscilloscope/inst/acq_ch_gen[0].U_osc2/U_dma_s2mm/U_fifo_axi_data/U0/inst_fifo_gen/gconvfifo.rf/grf.rf/gntv_or_sync_fifo.mem/gbm.gbmg.gbmga.ngecc.bmg/inst_blk_mem_gen/gnbram.gnativebmg.native_blk_mem_gen/valid.cstr/ramloop[0].ram.r/prim_noinit.ram/DEVICE_7SERIES.NO_BMM_INFO.SDP.WIDE_PRIM36_NO_ECC.ram/ENARDEN (net: system_wrapper_i/rp_oscilloscope/inst/acq_ch_gen[0].U_osc2/U_dma_s2mm/U_fifo_axi_data/U0/inst_fifo_gen/gconvfifo.rf/grf.rf/gntv_or_sync_fifo.mem/gbm.gbmg.gbmga.ngecc.bmg/inst_blk_mem_gen/gnbram.gnativebmg.native_blk_mem_gen/valid.cstr/ramloop[0].ram.r/prim_noinit.ram/ENB) which is driven by a register (system_wrapper_i/axi_interconnect_0/m00_couplers/auto_pc/inst/gen_axi4_axi3.axi3_conv_inst/USE_WRITE.write_addr_inst/USE_BURSTS.cmd_queue/inst/fifo_gen_inst/inst_fifo_gen/gconvfifo.rf/grf.rf/gntv_or_sync_fifo.gl0.rd/gr1.gr1_int.rfwft/empty_fwft_i_reg) that has an active asychronous set or reset. This may cause corruption of the memory contents and/or read values when the set/reset is asserted and is not analyzed by the default static timing analysis. It is suggested to eliminate the use of a set/reset to registers driving this RAMB pin or else use a synchronous reset in which the assertion of the reset is timed by default.
Related violations: <none>

REQP-1839#3 Warning
RAMB36 async control check  
The RAMB36E1 system_wrapper_i/rp_oscilloscope/inst/acq_ch_gen[1].U_osc2/U_dma_s2mm/U_fifo_axi_data/U0/inst_fifo_gen/gconvfifo.rf/grf.rf/gntv_or_sync_fifo.mem/gbm.gbmg.gbmga.ngecc.bmg/inst_blk_mem_gen/gnbram.gnativebmg.native_blk_mem_gen/valid.cstr/ramloop[0].ram.r/prim_noinit.ram/DEVICE_7SERIES.NO_BMM_INFO.SDP.WIDE_PRIM36_NO_ECC.ram has an input control pin system_wrapper_i/rp_oscilloscope/inst/acq_ch_gen[1].U_osc2/U_dma_s2mm/U_fifo_axi_data/U0/inst_fifo_gen/gconvfifo.rf/grf.rf/gntv_or_sync_fifo.mem/gbm.gbmg.gbmga.ngecc.bmg/inst_blk_mem_gen/gnbram.gnativebmg.native_blk_mem_gen/valid.cstr/ramloop[0].ram.r/prim_noinit.ram/DEVICE_7SERIES.NO_BMM_INFO.SDP.WIDE_PRIM36_NO_ECC.ram/ENARDEN (net: system_wrapper_i/rp_oscilloscope/inst/acq_ch_gen[1].U_osc2/U_dma_s2mm/U_fifo_axi_data/U0/inst_fifo_gen/gconvfifo.rf/grf.rf/gntv_or_sync_fifo.mem/gbm.gbmg.gbmga.ngecc.bmg/inst_blk_mem_gen/gnbram.gnativebmg.native_blk_mem_gen/valid.cstr/ramloop[0].ram.r/prim_noinit.ram/ENB) which is driven by a register (system_wrapper_i/axi_interconnect_0/m00_couplers/auto_pc/inst/gen_axi4_axi3.axi3_conv_inst/USE_WRITE.write_addr_inst/USE_BURSTS.cmd_queue/inst/fifo_gen_inst/inst_fifo_gen/gconvfifo.rf/grf.rf/gntv_or_sync_fifo.gl0.rd/gr1.gr1_int.rfwft/empty_fwft_i_reg) that has an active asychronous set or reset. This may cause corruption of the memory contents and/or read values when the set/reset is asserted and is not analyzed by the default static timing analysis. It is suggested to eliminate the use of a set/reset to registers driving this RAMB pin or else use a synchronous reset in which the assertion of the reset is timed by default.
Related violations: <none>

RPBF-3#1 Warning
IO port buffering is incomplete  
Device port led_o[0] expects both input and output buffering but the buffers are incomplete.
Related violations: <none>

RPBF-3#2 Warning
IO port buffering is incomplete  
Device port led_o[1] expects both input and output buffering but the buffers are incomplete.
Related violations: <none>

RPBF-3#3 Warning
IO port buffering is incomplete  
Device port led_o[2] expects both input and output buffering but the buffers are incomplete.
Related violations: <none>

RPBF-3#4 Warning
IO port buffering is incomplete  
Device port led_o[3] expects both input and output buffering but the buffers are incomplete.
Related violations: <none>

RPBF-3#5 Warning
IO port buffering is incomplete  
Device port led_o[4] expects both input and output buffering but the buffers are incomplete.
Related violations: <none>

RPBF-3#6 Warning
IO port buffering is incomplete  
Device port led_o[5] expects both input and output buffering but the buffers are incomplete.
Related violations: <none>

RPBF-3#7 Warning
IO port buffering is incomplete  
Device port led_o[6] expects both input and output buffering but the buffers are incomplete.
Related violations: <none>

RPBF-3#8 Warning
IO port buffering is incomplete  
Device port led_o[7] expects both input and output buffering but the buffers are incomplete.
Related violations: <none>

RTSTAT-10#1 Warning
No routable loads  
177 net(s) have no routable loads. The problem bus(es) and/or net(s) are system_wrapper_i/rp_oscilloscope/inst/acq_ch_gen[0].U_osc2/U_dma_s2mm/U_dma_s2mm_ctrl/U_fifo_axi_req/U0/inst_fifo_gen/gconvfifo.rf/grf.rf/gntv_or_sync_fifo.gl0.rd/gr1.gr1_int.rfwft/aempty_fwft_i,
system_wrapper_i/rp_oscilloscope/inst/acq_ch_gen[1].U_osc2/U_dma_s2mm/U_dma_s2mm_ctrl/U_fifo_axi_req/U0/inst_fifo_gen/gconvfifo.rf/grf.rf/gntv_or_sync_fifo.gl0.rd/gr1.gr1_int.rfwft/aempty_fwft_i,
system_wrapper_i/rp_gpio/inst/gpio_in_top/U_dma_s2mm/U_dma_s2mm_ctrl/U_dma_s2mm_data_ctrl/U_fifo_axi_req/U0/inst_fifo_gen/gconvfifo.rf/grf.rf/gntv_or_sync_fifo.gl0.rd/gr1.gr1_int.rfwft/aempty_fwft_i,
system_wrapper_i/rp_oscilloscope/inst/acq_ch_gen[1].U_osc2/U_dma_s2mm/U_fifo_axi_data/U0/inst_fifo_gen/gconvfifo.rf/grf.rf/gntv_or_sync_fifo.gl0.rd/gr1.gr1_int.rfwft/aempty_fwft_i,
system_wrapper_i/axi_interconnect_0/m00_couplers/auto_pc/inst/gen_axi4_axi3.axi3_conv_inst/USE_WRITE.write_addr_inst/USE_BURSTS.cmd_queue/inst/fifo_gen_inst/inst_fifo_gen/gconvfifo.rf/grf.rf/gntv_or_sync_fifo.gl0.rd/gr1.gr1_int.rfwft/aempty_fwft_i,
system_wrapper_i/axi_interconnect_0/m00_couplers/auto_pc/inst/gen_axi4_axi3.axi3_conv_inst/USE_WRITE.write_addr_inst/USE_B_CHANNEL.cmd_b_queue/inst/fifo_gen_inst/inst_fifo_gen/gconvfifo.rf/grf.rf/gntv_or_sync_fifo.gl0.rd/gr1.gr1_int.rfwft/aempty_fwft_i,
system_wrapper_i/rp_oscilloscope/inst/acq_ch_gen[0].U_osc2/U_dma_s2mm/U_fifo_axi_data/U0/inst_fifo_gen/gconvfifo.rf/grf.rf/gntv_or_sync_fifo.gl0.rd/gr1.gr1_int.rfwft/aempty_fwft_i,
system_wrapper_i/axi_interconnect_2/m00_couplers/auto_pc/inst/gen_axi4_axi3.axi3_conv_inst/USE_READ.USE_SPLIT_R.read_addr_inst/USE_R_CHANNEL.cmd_queue/inst/fifo_gen_inst/inst_fifo_gen/gconvfifo.rf/grf.rf/gntv_or_sync_fifo.gl0.rd/gr1.gr1_int.rfwft/aempty_fwft_i,
system_wrapper_i/rp_gpio/inst/gpio_out_top/U_dma_mm2s/U_fifo_axi_data/U0/inst_fifo_gen/gconvfifo.rf/grf.rf/gntv_or_sync_fifo.gl0.rd/gr1.gr1_int.rfwft/aempty_fwft_i,
system_wrapper_i/rp_gpio/inst/gpio_in_top/U_dma_s2mm/U_fifo_axi_data/U0/inst_fifo_gen/gconvfifo.rf/grf.rf/gntv_or_sync_fifo.gl0.rd/gr1.gr1_int.rfwft/aempty_fwft_i,
system_wrapper_i/rp_oscilloscope/inst/acq_ch_gen[0].U_osc2/U_dma_s2mm/U_dma_s2mm_ctrl/U_dma_s2mm_data_ctrl/U_fifo_axi_req/U0/inst_fifo_gen/gconvfifo.rf/grf.rf/gntv_or_sync_fifo.gl0.rd/gr1.gr1_int.rfwft/aempty_fwft_i,
system_wrapper_i/rp_gpio/inst/gpio_in_top/U_dma_s2mm/U_dma_s2mm_ctrl/U_fifo_axi_req/U0/inst_fifo_gen/gconvfifo.rf/grf.rf/gntv_or_sync_fifo.gl0.rd/gr1.gr1_int.rfwft/aempty_fwft_i,
system_wrapper_i/axi_interconnect_0/m00_couplers/auto_pc/inst/gen_axi4_axi3.axi3_conv_inst/USE_READ.USE_SPLIT_R.read_addr_inst/USE_R_CHANNEL.cmd_queue/inst/fifo_gen_inst/inst_fifo_gen/gconvfifo.rf/grf.rf/gntv_or_sync_fifo.gl0.rd/gr1.gr1_int.rfwft/aempty_fwft_i,
system_wrapper_i/axi_interconnect_2/m00_couplers/auto_pc/inst/gen_axi4_axi3.axi3_conv_inst/USE_WRITE.write_addr_inst/USE_BURSTS.cmd_queue/inst/fifo_gen_inst/inst_fifo_gen/gconvfifo.rf/grf.rf/gntv_or_sync_fifo.gl0.rd/gr1.gr1_int.rfwft/aempty_fwft_i,
system_wrapper_i/rp_oscilloscope/inst/acq_ch_gen[1].U_osc2/U_dma_s2mm/U_dma_s2mm_ctrl/U_dma_s2mm_data_ctrl/U_fifo_axi_req/U0/inst_fifo_gen/gconvfifo.rf/grf.rf/gntv_or_sync_fifo.gl0.rd/gr1.gr1_int.rfwft/aempty_fwft_i (the first 15 of 105 listed).
Related violations: <none>

REQP-24#1 Advisory
enum_BREG_0_connects_CEB1_GND_connects_CEB2_GND  
system_wrapper_i/rp_oscilloscope/inst/acq_ch_gen[0].U_osc2/U_bandpass_filter/U_seccion0/prod_a1: When DSP48E1 attribute BREG is set to 0, the CEB1 and CEB2 pins should be tied to GND to save power.
Related violations: <none>

REQP-24#2 Advisory
enum_BREG_0_connects_CEB1_GND_connects_CEB2_GND  
system_wrapper_i/rp_oscilloscope/inst/acq_ch_gen[0].U_osc2/U_bandpass_filter/U_seccion1/prod_a1: When DSP48E1 attribute BREG is set to 0, the CEB1 and CEB2 pins should be tied to GND to save power.
Related violations: <none>

REQP-24#3 Advisory
enum_BREG_0_connects_CEB1_GND_connects_CEB2_GND  
system_wrapper_i/rp_oscilloscope/inst/acq_ch_gen[1].U_osc2/U_bandpass_filter/U_seccion0/prod_a1: When DSP48E1 attribute BREG is set to 0, the CEB1 and CEB2 pins should be tied to GND to save power.
Related violations: <none>

REQP-24#4 Advisory
enum_BREG_0_connects_CEB1_GND_connects_CEB2_GND  
system_wrapper_i/rp_oscilloscope/inst/acq_ch_gen[1].U_osc2/U_bandpass_filter/U_seccion1/prod_a1: When DSP48E1 attribute BREG is set to 0, the CEB1 and CEB2 pins should be tied to GND to save power.
Related violations: <none>

REQP-181#1 Advisory
writefirst  
Synchronous clocking is detected for BRAM (system_wrapper_i/rp_gpio/inst/gpio_in_top/U_dma_s2mm/U_fifo_axi_data/U0/inst_fifo_gen/gconvfifo.rf/grf.rf/gntv_or_sync_fifo.mem/gbm.gbmg.gbmga.ngecc.bmg/inst_blk_mem_gen/gnbram.gnativebmg.native_blk_mem_gen/valid.cstr/ramloop[0].ram.r/prim_noinit.ram/DEVICE_7SERIES.NO_BMM_INFO.SDP.WIDE_PRIM36_NO_ECC.ram) in SDP mode with WRITE_FIRST write-mode. This is the preferred mode for best power characteristics, however it may exhibit address collisions if the same address appears on both read and write ports resulting in unknown or corrupted read data. It is suggested to confirm via simulation that an address collision never occurs and if so it is suggested to try and avoid this situation. If address collisions cannot be avoided, the write-mode may be set to READ_FIRST which guarantees that the read data is the prior contents of the memory at the cost of additional power in the design. See the FPGA Memory Resources User Guide for additional information.
Related violations: <none>

REQP-181#2 Advisory
writefirst  
Synchronous clocking is detected for BRAM (system_wrapper_i/rp_gpio/inst/gpio_out_top/U_dma_mm2s/U_fifo_axi_data/U0/inst_fifo_gen/gconvfifo.rf/grf.rf/gntv_or_sync_fifo.mem/gbm.gbmg.gbmga.ngecc.bmg/inst_blk_mem_gen/gnbram.gnativebmg.native_blk_mem_gen/valid.cstr/ramloop[0].ram.r/prim_noinit.ram/DEVICE_7SERIES.NO_BMM_INFO.SDP.WIDE_PRIM36_NO_ECC.ram) in SDP mode with WRITE_FIRST write-mode. This is the preferred mode for best power characteristics, however it may exhibit address collisions if the same address appears on both read and write ports resulting in unknown or corrupted read data. It is suggested to confirm via simulation that an address collision never occurs and if so it is suggested to try and avoid this situation. If address collisions cannot be avoided, the write-mode may be set to READ_FIRST which guarantees that the read data is the prior contents of the memory at the cost of additional power in the design. See the FPGA Memory Resources User Guide for additional information.
Related violations: <none>

REQP-181#3 Advisory
writefirst  
Synchronous clocking is detected for BRAM (system_wrapper_i/rp_oscilloscope/inst/acq_ch_gen[0].U_osc2/U_dma_s2mm/U_fifo_axi_data/U0/inst_fifo_gen/gconvfifo.rf/grf.rf/gntv_or_sync_fifo.mem/gbm.gbmg.gbmga.ngecc.bmg/inst_blk_mem_gen/gnbram.gnativebmg.native_blk_mem_gen/valid.cstr/ramloop[0].ram.r/prim_noinit.ram/DEVICE_7SERIES.NO_BMM_INFO.SDP.WIDE_PRIM36_NO_ECC.ram) in SDP mode with WRITE_FIRST write-mode. This is the preferred mode for best power characteristics, however it may exhibit address collisions if the same address appears on both read and write ports resulting in unknown or corrupted read data. It is suggested to confirm via simulation that an address collision never occurs and if so it is suggested to try and avoid this situation. If address collisions cannot be avoided, the write-mode may be set to READ_FIRST which guarantees that the read data is the prior contents of the memory at the cost of additional power in the design. See the FPGA Memory Resources User Guide for additional information.
Related violations: <none>

REQP-181#4 Advisory
writefirst  
Synchronous clocking is detected for BRAM (system_wrapper_i/rp_oscilloscope/inst/acq_ch_gen[1].U_osc2/U_dma_s2mm/U_fifo_axi_data/U0/inst_fifo_gen/gconvfifo.rf/grf.rf/gntv_or_sync_fifo.mem/gbm.gbmg.gbmga.ngecc.bmg/inst_blk_mem_gen/gnbram.gnativebmg.native_blk_mem_gen/valid.cstr/ramloop[0].ram.r/prim_noinit.ram/DEVICE_7SERIES.NO_BMM_INFO.SDP.WIDE_PRIM36_NO_ECC.ram) in SDP mode with WRITE_FIRST write-mode. This is the preferred mode for best power characteristics, however it may exhibit address collisions if the same address appears on both read and write ports resulting in unknown or corrupted read data. It is suggested to confirm via simulation that an address collision never occurs and if so it is suggested to try and avoid this situation. If address collisions cannot be avoided, the write-mode may be set to READ_FIRST which guarantees that the read data is the prior contents of the memory at the cost of additional power in the design. See the FPGA Memory Resources User Guide for additional information.
Related violations: <none>


